[gambolthemes.net/html/workwise/index.html]
[backblue.gif]
[fade.gif]
[index.html]
[gambolthemes.net/html/workwise/index-2.html]
[gambolthemes.net/html/workwise/images/logo.png]
[gambolthemes.net/html/workwise/images/icon1.png]
[gambolthemes.net/html/workwise/companies.html]
[gambolthemes.net/html/workwise/images/icon2.png]
[gambolthemes.net/html/workwise/company-profile.html]
[gambolthemes.net/html/workwise/projects.html]
[gambolthemes.net/html/workwise/images/icon3.png]
[gambolthemes.net/html/workwise/profiles.html]
[gambolthemes.net/html/workwise/images/icon4.png]
[gambolthemes.net/html/workwise/user-profile.html]
[gambolthemes.net/html/workwise/my-profile-feed.html]
[gambolthemes.net/html/workwise/jobs.html]
[gambolthemes.net/html/workwise/images/icon5.png]
[gambolthemes.net/html/workwise/images/icon6.png]
[gambolthemes.net/html/workwise/images/resources/ny-img1.png]
[gambolthemes.net/html/workwise/messages.html]
[gambolthemes.net/html/workwise/images/resources/ny-img2.png]
[gambolthemes.net/html/workwise/images/resources/ny-img3.png]
[gambolthemes.net/html/workwise/images/icon7.png]
[gambolthemes.net/html/workwise/images/resources/user.png]
[gambolthemes.net/html/workwise/profile-account-setting.html]
[gambolthemes.net/html/workwise/sign-in.html]
[gambolthemes.net/html/workwise/images/resources/user-pic.png]
[gambolthemes.net/html/workwise/images/resources/s1.png]
[gambolthemes.net/html/workwise/images/resources/s2.png]
[gambolthemes.net/html/workwise/images/resources/s3.png]
[gambolthemes.net/html/workwise/images/resources/s4.png]
[gambolthemes.net/html/workwise/images/resources/s5.png]
[gambolthemes.net/html/workwise/images/resources/s6.png]
[gambolthemes.net/html/workwise/images/logo2.png]
[gambolthemes.net/html/workwise/images/cp.png]
[gambolthemes.net/html/workwise/images/resources/us-pic.png]
[gambolthemes.net/html/workwise/images/clock.png]
[gambolthemes.net/html/workwise/images/icon8.png]
[gambolthemes.net/html/workwise/images/icon9.png]
[gambolthemes.net/html/workwise/images/liked-img.png]
[gambolthemes.net/html/workwise/images/com.png]
[gambolthemes.net/html/workwise/images/resources/user1.png]
[gambolthemes.net/html/workwise/images/envelop.png]
[gambolthemes.net/html/workwise/images/resources/user2.png]
[gambolthemes.net/html/workwise/images/resources/user3.png]
[gambolthemes.net/html/workwise/images/resources/us-pc2.png]
[gambolthemes.net/html/workwise/images/resources/bg-img1.png]
[gambolthemes.net/html/workwise/images/resources/bg-img2.png]
[gambolthemes.net/html/workwise/images/resources/bg-img3.png]
[gambolthemes.net/html/workwise/images/resources/bg-img4.png]
[gambolthemes.net/html/workwise/images/wd-logo.png]
[gambolthemes.net/html/workwise/images/resources/usr-img1.png]
[gambolthemes.net/html/workwise/images/resources/us-img1.png]
[gambolthemes.net/html/workwise/images/resources/usr-img2.png]
[gambolthemes.net/html/workwise/images/chat.png]
[gambolthemes.net/html/workwise/images/resources/usy1.png]
[gambolthemes.net/html/workwise/images/smley.png]
[gambolthemes.net/html/workwise/images/resources/usy2.png]
[gambolthemes.net/html/workwise/images/resources/usy3.png]
[gambolthemes.net/html/workwise/js/jquery.min.js]
[gambolthemes.net/html/workwise/js/popper.js]
[gambolthemes.net/html/workwise/js/bootstrap.min.js]
[gambolthemes.net/html/workwise/js/jquery.mCustomScrollbar.js]
[gambolthemes.net/html/workwise/lib/slick/slick.min.js]
[gambolthemes.net/html/workwise/js/scrollbar.js]
[gambolthemes.net/html/workwise/js/script.js]
[gambolthemes.net/html/workwise/js/disabled.js]
[img1.wsimg.com/tcc/tcc_l.combined.1.0.6.min.js]
[gambolthemes.net/html/workwise/index.html]
[gambolthemes.net/html/workwise/css/animate.css]
[gambolthemes.net/html/workwise/css/bootstrap.min.css]
[gambolthemes.net/html/workwise/fonts/line-awesomeeb4f.eot]
[gambolthemes.net/html/workwise/fonts/line-awesome0176.eot]
[gambolthemes.net/html/workwise/fonts/line-awesomeeb4f.woff2]
[gambolthemes.net/html/workwise/fonts/line-awesomeeb4f.woff]
[gambolthemes.net/html/workwise/fonts/line-awesomeeb4f.ttf]
[gambolthemes.net/html/workwise/css/line-awesome.css]
[gambolthemes.net/html/workwise/css/line-awesome-font-awesome.min.css]
[gambolthemes.net/html/workwise/fonts/fontawesome-webfont3e6e.eot]
[gambolthemes.net/html/workwise/fonts/fontawesome-webfontd41d.eot]
[gambolthemes.net/html/workwise/fonts/fontawesome-webfont3e6e.woff2]
[gambolthemes.net/html/workwise/css/font-awesome.min.css]
[gambolthemes.net/html/workwise/css/jquery.mCustomScrollbar.min.css]
[gambolthemes.net/html/workwise/lib/slick/slick.css]
[gambolthemes.net/html/workwise/lib/slick/slick-theme.css]
[gambolthemes.net/html/workwise/css/style.css]
[gambolthemes.net/html/workwise/css/responsive.css]
[gambolthemes.net/html/workwise/index-2.html]
[gambolthemes.net/html/workwise/images/resources/cmp-icon.png]
[gambolthemes.net/html/workwise/js/flatpickr.min.js]
[gambolthemes.net/html/workwise/companies.html]
[gambolthemes.net/html/workwise/images/resources/company-cover.jpg]
[gambolthemes.net/html/workwise/images/resources/company-profile.png]
[gambolthemes.net/html/workwise/images/ic1.png]
[gambolthemes.net/html/workwise/images/ic2.png]
[gambolthemes.net/html/workwise/images/ic3.png]
[gambolthemes.net/html/workwise/images/resources/company-pic.png]
[gambolthemes.net/html/workwise/images/resources/pf-img1.jpg]
[gambolthemes.net/html/workwise/images/all-out.png]
[gambolthemes.net/html/workwise/images/resources/pf-img2.jpg]
[gambolthemes.net/html/workwise/images/resources/pf-img3.jpg]
[gambolthemes.net/html/workwise/images/resources/pf-img4.jpg]
[gambolthemes.net/html/workwise/images/resources/pf-img5.jpg]
[gambolthemes.net/html/workwise/images/resources/pf-img6.jpg]
[gambolthemes.net/html/workwise/images/resources/pf-img7.jpg]
[gambolthemes.net/html/workwise/images/resources/pf-img8.jpg]
[gambolthemes.net/html/workwise/images/resources/pf-img9.jpg]
[gambolthemes.net/html/workwise/images/resources/pf-img10.jpg]
[gambolthemes.net/html/workwise/images/photo-icon.png]
[gambolthemes.net/html/workwise/images/resources/pf-gallery1.png]
[gambolthemes.net/html/workwise/images/resources/pf-gallery2.png]
[gambolthemes.net/html/workwise/images/resources/pf-gallery3.png]
[gambolthemes.net/html/workwise/images/resources/pf-gallery4.png]
[gambolthemes.net/html/workwise/images/resources/pf-gallery5.png]
[gambolthemes.net/html/workwise/images/resources/pf-gallery6.png]
[gambolthemes.net/html/workwise/images/resources/pf-gallery7.png]
[gambolthemes.net/html/workwise/images/resources/pf-gallery8.png]
[gambolthemes.net/html/workwise/images/resources/pf-gallery9.png]
[gambolthemes.net/html/workwise/images/resources/pf-gallery10.png]
[gambolthemes.net/html/workwise/images/resources/pf-gallery11.png]
[gambolthemes.net/html/workwise/images/resources/pf-gallery12.png]
[gambolthemes.net/html/workwise/images/copy-icon2.png]
[gambolthemes.net/html/workwise/images/resources/np.png]
[gambolthemes.net/html/workwise/company-profile.html]
[gambolthemes.net/html/workwise/js/jquery.range-min.js]
[gambolthemes.net/html/workwise/projects.html]
[gambolthemes.net/html/workwise/images/resources/pf-icon1.png]
[gambolthemes.net/html/workwise/images/resources/pf-icon2.png]
[gambolthemes.net/html/workwise/images/resources/pf-icon3.png]
[gambolthemes.net/html/workwise/images/resources/pf-icon4.png]
[gambolthemes.net/html/workwise/images/resources/pf-icon5.png]
[gambolthemes.net/html/workwise/images/resources/pf-icon6.png]
[gambolthemes.net/html/workwise/images/resources/pf-icon7.png]
[gambolthemes.net/html/workwise/images/resources/pf-icon8.png]
[gambolthemes.net/html/workwise/images/resources/pf-icon9.png]
[gambolthemes.net/html/workwise/images/resources/pf-icon10.png]
[gambolthemes.net/html/workwise/images/resources/pf-icon11.png]
[gambolthemes.net/html/workwise/images/resources/pf-icon12.png]
[gambolthemes.net/html/workwise/profiles.html]
[gambolthemes.net/html/workwise/images/resources/cover-img.jpg]
[gambolthemes.net/html/workwise/images/resources/user-pro-img.png]
[gambolthemes.net/html/workwise/user-profile.html]
[gambolthemes.net/html/workwise/images/ic4.png]
[gambolthemes.net/html/workwise/images/ic5.png]
[gambolthemes.net/html/workwise/images/ic6.png]
[gambolthemes.net/html/workwise/images/process-icon.png]
[gambolthemes.net/html/workwise/images/lt-icon.png]
[gambolthemes.net/html/workwise/images/dlr-icon.png]
[gambolthemes.net/html/workwise/images/cc-icon1.png]
[gambolthemes.net/html/workwise/images/cc-icon2.png]
[gambolthemes.net/html/workwise/images/cc-icon3.png]
[gambolthemes.net/html/workwise/images/cc-icon4.png]
[gambolthemes.net/html/workwise/my-profile-feed.html]
[gambolthemes.net/html/workwise/jobs.html]
[gambolthemes.net/html/workwise/images/resources/m-img1.png]
[gambolthemes.net/html/workwise/images/resources/m-img2.png]
[gambolthemes.net/html/workwise/images/resources/m-img3.png]
[gambolthemes.net/html/workwise/images/resources/m-img4.png]
[gambolthemes.net/html/workwise/images/resources/m-img5.png]
[gambolthemes.net/html/workwise/images/resources/m-img6.png]
[gambolthemes.net/html/workwise/images/resources/m-img7.png]
[gambolthemes.net/html/workwise/images/resources/mt-img1.png]
[gambolthemes.net/html/workwise/images/resources/mt-img2.png]
[gambolthemes.net/html/workwise/images/resources/mt-img3.png]
[gambolthemes.net/html/workwise/messages.html]
[gambolthemes.net/html/workwise/images/up-btn.png]
[gambolthemes.net/html/workwise/images/pro-icon1.png]
[gambolthemes.net/html/workwise/images/pro-icon2.png]
[gambolthemes.net/html/workwise/images/pro-icon3.png]
[gambolthemes.net/html/workwise/images/pro-icon4.png]
[gambolthemes.net/html/workwise/images/resources/r-img1.png]
[gambolthemes.net/html/workwise/images/resources/r-img2.png]
[gambolthemes.net/html/workwise/images/resources/r-img3.png]
[gambolthemes.net/html/workwise/images/resources/r-img4.png]
[gambolthemes.net/html/workwise/images/resources/r-img5.png]
[gambolthemes.net/html/workwise/images/resources/r-img6.png]
[gambolthemes.net/html/workwise/profile-account-setting.html]
[gambolthemes.net/html/workwise/images/cm-logo.png]
[gambolthemes.net/html/workwise/images/cm-main-img.png]
[gambolthemes.net/html/workwise/images/copy-icon.png]
[gambolthemes.net/html/workwise/sign-in.html]
[img1.wsimg.com/tcc/tcc_l.combined.1.0.6.min.js]
[gambolthemes.net/html/workwise/fonts/line-awesomeeb4f.svg]
[gambolthemes.net/html/workwise/fonts/fontawesome-webfont3e6e.ttf]
[gambolthemes.net/html/workwise/fonts/fontawesome-webfont3e6e.woff]
[gambolthemes.net/html/workwise/lib/slick/ajax-loader.gif]
[gambolthemes.net/html/workwise/lib/slick/fonts/slick.eot]
[gambolthemes.net/html/workwise/lib/slick/fonts/slick.woff]
[gambolthemes.net/html/workwise/lib/slick/fonts/slickd41d.eot]
[gambolthemes.net/html/workwise/lib/slick/fonts/slick.ttf]
[gambolthemes.net/html/workwise/css/flatpickr.min.css]
[gambolthemes.net/html/workwise/css/jquery.range.css]
[gambolthemes.net/html/workwise/fonts/fontawesome-webfont3e6e.svg]
[gambolthemes.net/html/workwise/css/mCSB_buttons.png]
[gambolthemes.net/html/workwise/lib/slick/fonts/slick.svg]
